// Jest Snapshot v1, https://goo.gl/fbAQLP

exports[`Button component matches snapshot 1`] = `
<button
  class="button test"
  disabled=""
  type="submit"
>
  Upload
</button>
`;
